// Jest Snapshot v1, https://goo.gl/fbAQLP

exports[`GameOverModal default renders correctly 1`] = `
<Transition
  appear={true}
  as={Symbol(react.fragment)}
  show={true}
>
  <Dialog
    as="div"
    className="fixed inset-0 z-10 overflow-y-auto"
    onClose={[Function]}
  >
    <div
      className="min-h-screen px-4 text-center"
    >
      <Child
        as={Symbol(react.fragment)}
        enter="ease-out duration-300"
        enterFrom="opacity-0"
        enterTo="opacity-100"
        leave="ease-in duration-200"
        leaveFrom="opacity-100"
        leaveTo="opacity-0"
      >
        <Overlay2
          className="fixed inset-0 backdrop-blur-md"
        />
      </Child>
      <span
        aria-hidden="true"
        className="inline-block h-screen align-middle"
      >
        â€‹
      </span>
      <Child
        as={Symbol(react.fragment)}
        enter="ease-out duration-300"
        enterFrom="opacity-0 scale-95"
        enterTo="opacity-100 scale-100"
        leave="ease-in duration-200"
        leaveFrom="opacity-100 scale-100"
        leaveTo="opacity-0 scale-95"
      >
        <div
          className="inline-block w-full max-w-md my-8 overflow-hidden rounded-lg text-left align-middle transition-all transform bg-white shadow-2xl"
        >
          <Title
            as="div"
            className="flex justify-between items-start p-5 border-b"
          >
            <h2
              className="text-xl font-semibold text-gray-900 lg:text-2xl"
            >
              Game Over
            </h2>
          </Title>
          <div
            className="p-5 space-y-6"
          >
            <p
              className="text-base leading-relaxed text-gray-500"
            >
              Answer: HELLO
            </p>
          </div>
          <div
            className="flex items-center justify-center p-5 space-x-2"
          >
            <button
              className="inline-flex justify-center px-4 py-2 text-sm font-medium text-blue-900 bg-blue-100 border border-transparent rounded-md hover:bg-blue-200 focus:outline-none focus-visible:ring-2 focus-visible:ring-offset-2 focus-visible:ring-blue-500"
              onClick={[Function]}
              type="button"
            >
              New Game
            </button>
          </div>
        </div>
      </Child>
    </div>
  </Dialog>
</Transition>
`;
