// Jest Snapshot v1, https://goo.gl/fbAQLP

exports[`InvalidNotification renders correctly 1`] = `
<div
  aria-live="assertive"
  className="absolute left-1/2 -top-2 flex items-start px-4 py-6 pointer-events-none sm:p-6 -translate-x-1/2"
>
  <div
    className="w-full flex flex-col items-center space-y-4 sm:items-end"
  >
    <Transition
      as={Symbol(react.fragment)}
      enter="transition ease duration-500 transform"
      enterFrom="opacity-0 -translate-y-full"
      enterTo="opacity-100 translate-y-0"
      leave="transition ease duration-500 transform"
      leaveFrom="opacity-100 translate-y-0"
      leaveTo="opacity-0 -translate-y-full"
      show={false}
    >
      <div
        className="bg-white shadow-lg rounded-lg pointer-events-auto ring-1 ring-black ring-opacity-5 overflow-hidden"
      >
        <div
          className="p-4"
        >
          <div
            className="flex items-center justify-center space-x-2"
          >
            <svg
              className="text-yellow-500 h-5 w-5"
              fill="none"
              stroke="currentColor"
              strokeWidth="2"
              viewBox="0 0 24 24"
              xmlns="http://www.w3.org/2000/svg"
            >
              <path
                d="M12 9v2m0 4h.01m-6.938 4h13.856c1.54 0 2.502-1.667 1.732-3L13.732 4c-.77-1.333-2.694-1.333-3.464 0L3.34 16c-.77 1.333.192 3 1.732 3z"
                strokeLinecap="round"
                strokeLinejoin="round"
              />
            </svg>
            <p
              className="text-sm"
            />
          </div>
        </div>
      </div>
    </Transition>
  </div>
</div>
`;
